Starting DynamoDB Getting Started Tutorial at Sun May  3 19:29:13 UTC 2026
Logging to ./dynamodb-tutorial-logs/dynamodb-tutorial-20260503-192913.log
Step 1: Creating Music table in DynamoDB...
{
    "TableDescription": {
        "AttributeDefinitions": [
            {
                "AttributeName": "Artist",
                "AttributeType": "S"
            },
            {
                "AttributeName": "SongTitle",
                "AttributeType": "S"
            }
        ],
        "TableName": "Music",
        "KeySchema": [
            {
                "AttributeName": "Artist",
                "KeyType": "HASH"
            },
            {
                "AttributeName": "SongTitle",
                "KeyType": "RANGE"
            }
        ],
        "TableStatus": "CREATING",
        "CreationDateTime": 1777836554.817,
        "ProvisionedThroughput": {
            "NumberOfDecreasesToday": 0,
            "ReadCapacityUnits": 0,
            "WriteCapacityUnits": 0
        },
        "TableSizeBytes": 0,
        "ItemCount": 0,
        "TableArn": "arn:aws:dynamodb:us-east-1:559823168634:table/Music",
        "TableId": "29f14516-aa2c-4150-814b-5356eb3d5e90",
        "BillingModeSummary": {
            "BillingMode": "PAY_PER_REQUEST"
        },
        "TableClassSummary": {
            "TableClass": "STANDARD"
        },
        "DeletionProtectionEnabled": false
    }
}
Waiting for table Music to become ACTIVE...
Current status: CREATING
Current status: ACTIVE
Table Music is now ACTIVE
Enabling point-in-time recovery for the Music table...
{
    "ContinuousBackupsDescription": {
        "ContinuousBackupsStatus": "ENABLED",
        "PointInTimeRecoveryDescription": {
            "PointInTimeRecoveryStatus": "ENABLED",
            "RecoveryPeriodInDays": 35,
            "EarliestRestorableDateTime": 1777836566.0,
            "LatestRestorableDateTime": 1777836566.0
        }
    }
}
Step 2: Writing data to the Music table...
Item 1 added successfully
Item 2 added successfully
Item 3 added successfully
Item 4 added successfully
Step 3: Reading data from the Music table...
Retrieved item:
{
    "Item": {
        "AlbumTitle": {
            "S": "Songs About Life"
        },
        "Awards": {
            "N": "10"
        },
        "Artist": {
            "S": "Acme Band"
        },
        "SongTitle": {
            "S": "Happy Day"
        }
    }
}
Step 4: Updating data in the Music table...
Updated item:
{
    "Attributes": {
        "AlbumTitle": {
            "S": "Updated Album Title"
        },
        "Awards": {
            "N": "10"
        },
        "Artist": {
            "S": "Acme Band"
        },
        "SongTitle": {
            "S": "Happy Day"
        }
    }
}
Step 5: Querying data in the Music table...
Query results:
{
    "Items": [
        {
            "AlbumTitle": {
                "S": "Updated Album Title"
            },
            "Awards": {
                "N": "10"
            },
            "Artist": {
                "S": "Acme Band"
            },
            "SongTitle": {
                "S": "Happy Day"
            }
        },
        {
            "AlbumTitle": {
                "S": "Another Album Title"
            },
            "Awards": {
                "N": "8"
            },
            "Artist": {
                "S": "Acme Band"
            },
            "SongTitle": {
                "S": "PartiQL Rocks"
            }
        }
    ],
    "Count": 2,
    "ScannedCount": 2,
    "ConsumedCapacity": null
}
DynamoDB Getting Started Tutorial completed successfully at Sun May  3 19:29:31 UTC 2026
Log file: ./dynamodb-tutorial-logs/dynamodb-tutorial-20260503-192913.log
